------------------------------------------------------------
Timing Analyzer Summary
------------------------------------------------------------

Type  : Slow 1200mV 85C Model Setup 'SCL'
Slack : -13.796
TNS   : -5687.813

Type  : Slow 1200mV 85C Model Setup 'alu:ALU_C|cycles[0]'
Slack : -4.749
TNS   : -208.775

Type  : Slow 1200mV 85C Model Hold 'SCL'
Slack : 0.341
TNS   : 0.000

Type  : Slow 1200mV 85C Model Hold 'alu:ALU_C|cycles[0]'
Slack : 1.089
TNS   : 0.000

Type  : Slow 1200mV 85C Model Recovery 'SCL'
Slack : -6.276
TNS   : -283.190

Type  : Slow 1200mV 85C Model Removal 'SCL'
Slack : 0.966
TNS   : 0.000

Type  : Slow 1200mV 85C Model Minimum Pulse Width 'SCL'
Slack : -3.000
TNS   : -907.512

Type  : Slow 1200mV 85C Model Minimum Pulse Width 'alu:ALU_C|cycles[0]'
Slack : 0.305
TNS   : 0.000

Type  : Slow 1200mV 0C Model Setup 'SCL'
Slack : -13.158
TNS   : -5393.341

Type  : Slow 1200mV 0C Model Setup 'alu:ALU_C|cycles[0]'
Slack : -4.558
TNS   : -199.446

Type  : Slow 1200mV 0C Model Hold 'SCL'
Slack : 0.305
TNS   : 0.000

Type  : Slow 1200mV 0C Model Hold 'alu:ALU_C|cycles[0]'
Slack : 0.962
TNS   : 0.000

Type  : Slow 1200mV 0C Model Recovery 'SCL'
Slack : -5.777
TNS   : -260.161

Type  : Slow 1200mV 0C Model Removal 'SCL'
Slack : 0.873
TNS   : 0.000

Type  : Slow 1200mV 0C Model Minimum Pulse Width 'SCL'
Slack : -3.000
TNS   : -907.512

Type  : Slow 1200mV 0C Model Minimum Pulse Width 'alu:ALU_C|cycles[0]'
Slack : 0.268
TNS   : 0.000

Type  : Fast 1200mV 0C Model Setup 'SCL'
Slack : -5.194
TNS   : -1941.842

Type  : Fast 1200mV 0C Model Setup 'alu:ALU_C|cycles[0]'
Slack : -1.279
TNS   : -50.075

Type  : Fast 1200mV 0C Model Hold 'SCL'
Slack : 0.143
TNS   : 0.000

Type  : Fast 1200mV 0C Model Hold 'alu:ALU_C|cycles[0]'
Slack : 0.315
TNS   : 0.000

Type  : Fast 1200mV 0C Model Recovery 'SCL'
Slack : -2.061
TNS   : -90.805

Type  : Fast 1200mV 0C Model Removal 'SCL'
Slack : 0.422
TNS   : 0.000

Type  : Fast 1200mV 0C Model Minimum Pulse Width 'SCL'
Slack : -3.000
TNS   : -616.310

Type  : Fast 1200mV 0C Model Minimum Pulse Width 'alu:ALU_C|cycles[0]'
Slack : 0.445
TNS   : 0.000

------------------------------------------------------------
